// Jest Snapshot v1, https://goo.gl/fbAQLP

exports[`PageSection should render 1`] = `
<PageSection__StyledPageSection
  focussed={true}
  onFocus={[Function]}
>
  <Child
    focussed={true}
  />
</PageSection__StyledPageSection>
`;
