// Jest Snapshot v1, https://goo.gl/fbAQLP

exports[`SeamlessInput should render 1`] = `
<div
  className="PageCanvas__PageCanvas-o1jumc-0 beftnW"
>
  Children
</div>
`;
