// Jest Snapshot v1, https://goo.gl/fbAQLP

exports[`components/WithQuestionnaire should not render when loading 1`] = `null`;
