// Jest Snapshot v1, https://goo.gl/fbAQLP

exports[`DeleteQuestionnaireButton should render 1`] = `
.c0 {
  width: 16px;
  height: 20px;
  padding: 0.5em;
  background: url(deleteQuestionnaireIcon.svg) no-repeat;
  background-size: contain;
  border: 0;
  opacity: 0.7;
}

.c0:hover {
  opacity: 1;
  -webkit-transition: opacity 150ms ease-in;
  transition: opacity 150ms ease-in;
}

<Button
  className="c0"
  onClick={[Function]}
  title="Delete questionnaire"
/>
`;
