// Jest Snapshot v1, https://goo.gl/fbAQLP

exports[`IconGrid should render 1`] = `
<IconGrid__Menu
  role="menu"
>
  Child
</IconGrid__Menu>
`;
