// Jest Snapshot v1, https://goo.gl/fbAQLP

exports[`Date Preview custom should render a preview without a customDate 1`] = `"Invalid Rule"`;

exports[`Date Preview custom should render preview dates with offset 1`] = `
<React.Fragment>
  <div>
    5 months before:
  </div>
  <div>
    02/09/2018
  </div>
</React.Fragment>
`;

exports[`Date Preview custom should render preview dates without offset 1`] = `"02/09/2018"`;

exports[`Date Preview should render a preview with previous answer 1`] = `
<React.Fragment>
  <div>
    5 months before:
  </div>
  <div>
    foobar
  </div>
</React.Fragment>
`;
