// Jest Snapshot v1, https://goo.gl/fbAQLP

exports[`AnswerValidation Date Validation preview should render a preview without a customDate 1`] = `"Invalid Rule"`;

exports[`AnswerValidation Date Validation preview should render preview dates with offset 1`] = `
<UNDEFINED>
  <div>
    5 months before:
  </div>
  <div>
    02/09/2018
  </div>
</UNDEFINED>
`;

exports[`AnswerValidation Date Validation preview should render preview dates without offset 1`] = `"02/09/2018"`;

exports[`AnswerValidation should not render there are no valid validation types 1`] = `""`;

exports[`AnswerValidation should render 1`] = `
<AnswerValidation__Container>
  <[object Object]
    value={
      Object {
        "answer": Object {
          "id": "1",
          "type": "Number",
          "validation": Object {
            "maxValue": Object {
              "enabled": false,
            },
            "minValue": Object {
              "enabled": false,
            },
          },
        },
      }
    }
  >
    <SidebarButton
      data-test="sidebar-button-min-value"
      key="minValue"
      onClick={[Function]}
    >
      <SidebarButton__Title>
        Min Value
      </SidebarButton__Title>
    </SidebarButton>
    <SidebarButton
      data-test="sidebar-button-max-value"
      key="maxValue"
      onClick={[Function]}
    >
      <SidebarButton__Title>
        Max Value
      </SidebarButton__Title>
    </SidebarButton>
    <Connect(UnconnectedModalWithNav)
      id="modal-validation-1"
      isOpen={false}
      navItems={
        Array [
          Object {
            "id": "minValue",
            "preview": [Function],
            "render": [Function],
            "title": "Min Value",
            "types": Array [
              "Currency",
              "Number",
            ],
          },
          Object {
            "id": "maxValue",
            "preview": [Function],
            "render": [Function],
            "title": "Max Value",
            "types": Array [
              "Currency",
              "Number",
            ],
          },
        ]
      }
      onClose={[Function]}
      title="Number validation"
    />
  </[object Object]>
</AnswerValidation__Container>
`;
