// Jest Snapshot v1, https://goo.gl/fbAQLP

exports[`TextAreaAnswer should render 1`] = `
<div>
  <Field
    id="answers[1].label"
  >
    <withSeamlessness(withChangeHandler(Input))
      data-autoFocus={true}
      onChange={[Function]}
      placeholder="Label"
      size="medium"
    />
  </Field>
  <Field
    id="answers[1].description"
  >
    <withSeamlessness(withChangeHandler(SeamlessTextArea__TextArea))
      cols="30"
      onChange={[Function]}
      placeholder="Enter a description (optional)â€¦"
      rows="5"
      size="small"
      value="Nullam id dolor id nibh ultricies."
    />
  </Field>
  <div>
    <withChangeHandler(TextArea)
      disabled={true}
      rows={5}
    />
  </div>
</div>
`;
