// Jest Snapshot v1, https://goo.gl/fbAQLP

exports[`TableHeadColumn should render 1`] = `
.c0 {
  padding: 0.75em 1em;
}

.c0:not(:last-of-type) {
  border-right: 1px solid #c3c3c3;
}

<th
  className="c0"
/>
`;
