// Jest Snapshot v1, https://goo.gl/fbAQLP

exports[`CanvasSection should render 1`] = `
<CanvasSection__FocusableSection
  focusOnSection={[Function]}
  id="foo"
  isFocused={true}
  onBlur={[Function]}
  onFocus={[Function]}
>
  <Child />
</CanvasSection__FocusableSection>
`;
