// Jest Snapshot v1, https://goo.gl/fbAQLP

exports[`ItemSelectModal should render 1`] = `
<PlainModal
  isOpen={true}
  onClose={[Function]}
>
  <form
    data-test="item-select-modal-form"
    onSubmit={[Function]}
  >
    <ItemSelectModal__Fieldset>
      <ItemSelectModal__Title>
        Test title
      </ItemSelectModal__Title>
      <Body>
        <input />
      </Body>
    </ItemSelectModal__Fieldset>
    <ItemSelectModal__StyledButtonGroup>
      <ItemSelectModal__StyledButton
        onClick={[Function]}
        variant="secondary"
      >
        Cancel
      </ItemSelectModal__StyledButton>
      <ItemSelectModal__StyledButton
        type="submit"
      >
        Select
      </ItemSelectModal__StyledButton>
    </ItemSelectModal__StyledButtonGroup>
  </form>
</PlainModal>
`;
