// Jest Snapshot v1, https://goo.gl/fbAQLP

exports[`components/MultipleChoiceAnswerOptionsSelector should render consistently 1`] = `
<MultipleChoiceAnswerOptionsSelector__MultipleChoiceAnswerOptions
  data-test="options-selector"
>
  <ToggleChipGroup
    onChange={[Function]}
    value="2"
  >
    <ToggleChip
      key="1"
      title="a"
      value="1"
    >
      a
    </ToggleChip>
    <ToggleChip
      key="2"
      title="b"
      value="2"
    >
      b
    </ToggleChip>
    <ToggleChip
      key="3"
      title="c"
      value="3"
    >
      c
    </ToggleChip>
  </ToggleChipGroup>
</MultipleChoiceAnswerOptionsSelector__MultipleChoiceAnswerOptions>
`;
