// Jest Snapshot v1, https://goo.gl/fbAQLP

exports[`components/RoutingRule should render children 1`] = `
<RoutingRule__RoutingRuleCanvas
  id={null}
>
  <RoutingRule__RoutingToolbar>
    <RoutingRule__Title>
      Test
    </RoutingRule__Title>
    <Toolbar__Buttons>
      <IconButtonDelete
        data-test="btn-delete"
        disabled={false}
        onClick={[Function]}
      >
        Delete
      </IconButtonDelete>
    </Toolbar__Buttons>
  </RoutingRule__RoutingToolbar>
  <React.Fragment>
    <RoutingRule__RoutingStatement>
      <div>
        I am a child
      </div>
    </RoutingRule__RoutingStatement>
    <RoutingRuleResultSelector
      data-test="select-then"
      disabled={false}
      id="then"
      label="THEN"
      onChange={[Function]}
      sections={
        Array [
          Object {
            "id": "1",
            "pages": Array [
              Object {
                "disabled": false,
                "id": "2",
                "options": Array [
                  Object {
                    "id": "3",
                    "label": "Bibendum Cras",
                    "selected": false,
                  },
                  Object {
                    "id": "4",
                    "label": "Aenean Quam Venenatis Elit",
                    "selected": false,
                  },
                  Object {
                    "id": "5",
                    "label": "Purus Ornare Ipsum",
                    "selected": false,
                  },
                  Object {
                    "id": "6",
                    "label": "Nibh",
                    "selected": false,
                  },
                  Object {
                    "id": "7",
                    "label": "Risus Mattis Magna Bibendum",
                    "selected": false,
                  },
                  Object {
                    "id": "8",
                    "label": "Consectetur Ultricies Purus Elit Fermentum",
                    "selected": false,
                  },
                ],
                "pageType": "QuestionPage",
                "title": "1.1 Curabitur blandit tempus porttitor",
              },
              Object {
                "disabled": false,
                "id": "9",
                "options": Array [
                  Object {
                    "id": "10",
                    "label": "Yes",
                    "selected": false,
                  },
                  Object {
                    "id": "11",
                    "label": "No",
                    "selected": false,
                  },
                ],
                "pageType": "QuestionPage",
                "title": "1.2 Nulla vitae elit libero, a pharetra augue.",
              },
            ],
            "title": "1. Integer posuere erat a ante",
          },
        ]
      }
    />
  </React.Fragment>
</RoutingRule__RoutingRuleCanvas>
`;

exports[`components/RoutingRule should render empty message if no children are passed 1`] = `
<RoutingRule__RoutingRuleCanvas
  id={null}
>
  <RoutingRule__RoutingToolbar>
    <RoutingRule__Title>
      Test
    </RoutingRule__Title>
    <Toolbar__Buttons>
      <IconButtonDelete
        data-test="btn-delete"
        disabled={true}
        onClick={[Function]}
      >
        Delete
      </IconButtonDelete>
    </Toolbar__Buttons>
  </RoutingRule__RoutingToolbar>
  <RoutingRuleEmpty
    onAddRule={[Function]}
    title="No routing rules exist for this question"
  />
</RoutingRule__RoutingRuleCanvas>
`;
