// Jest Snapshot v1, https://goo.gl/fbAQLP

exports[`components/AnswerTypeGrid should render 1`] = `
<AnswerTypeGrid__Menu>
  <AnswerTypeGrid__Header>
    <AnswerTypeGrid__Title>
      Answer Type
    </AnswerTypeGrid__Title>
    <AnswerTypeGrid__CloseButton
      aria-label="Close"
      onClick={[Function]}
      type="button"
    >
      Ã—
    </AnswerTypeGrid__CloseButton>
  </AnswerTypeGrid__Header>
  <IconGrid
    aria-labelledby="foo"
  >
    <AnswerTypeButton
      onClick={[Function]}
      title="Checkbox"
      type="Checkbox"
    />
    <AnswerTypeButton
      disabled={true}
      onClick={[Function]}
      title="Radio"
      type="Radio"
    />
    <AnswerTypeButton
      onClick={[Function]}
      title="Text"
      type="TextField"
    />
    <AnswerTypeButton
      disabled={true}
      onClick={[Function]}
      title="Textarea"
      type="TextArea"
    />
    <AnswerTypeButton
      disabled={true}
      onClick={[Function]}
      title="Currency"
      type="Currency"
    />
    <AnswerTypeButton
      disabled={true}
      onClick={[Function]}
      title="Number"
      type="Number"
    />
    <AnswerTypeButton
      disabled={true}
      onClick={[Function]}
      title="Date"
      type="Date"
    />
    <AnswerTypeButton
      disabled={true}
      onClick={[Function]}
      title="Time"
      type="Time"
    />
    <AnswerTypeButton
      disabled={true}
      onClick={[Function]}
      title="Select list"
      type="Select"
    />
  </IconGrid>
</AnswerTypeGrid__Menu>
`;
